
> iamparana@0.1.0 build
> next build

   Ôû▓ Next.js 15.3.2
   - Environments: .env.local

   Creating an optimized production build ...
 Ô£ô Compiled successfully in 12.0s
   Linting and checking validity of types ...

./src/app/admin/page.tsx
11:60  Warning: Unexpected any. Specify a different type.  @typescript-eslint/no-explicit-any
20:53  Warning: Unexpected any. Specify a different type.  @typescript-eslint/no-explicit-any
50:19  Warning: Unexpected any. Specify a different type.  @typescript-eslint/no-explicit-any
73:19  Warning: Unexpected any. Specify a different type.  @typescript-eslint/no-explicit-any
89:19  Warning: Unexpected any. Specify a different type.  @typescript-eslint/no-explicit-any

./src/app/admin/recursos/page.tsx
215:6  Warning: React Hook useEffect has a missing dependency: 'loadPages'. Either include it or remove the dependency array.  react-hooks/exhaustive-deps

./src/app/api/admin/agenda/route.ts
11:27  Warning: 'req' is defined but never used.  @typescript-eslint/no-unused-vars

./src/app/api/admin/animacion/route.ts
13:27  Warning: 'req' is defined but never used.  @typescript-eslint/no-unused-vars

./src/app/api/admin/canciones/route.ts
20:27  Warning: 'req' is defined but never used.  @typescript-eslint/no-unused-vars

./src/app/api/admin/carousel/route.ts
25:27  Warning: 'req' is defined but never used.  @typescript-eslint/no-unused-vars

./src/app/api/admin/documentos/route.ts
127:55  Warning: 'fecha' is assigned a value but never used.  @typescript-eslint/no-unused-vars

./src/app/api/admin/juegos/route.ts
13:27  Warning: 'req' is defined but never used.  @typescript-eslint/no-unused-vars
21:29  Warning: Unexpected any. Specify a different type.  @typescript-eslint/no-explicit-any

./src/app/api/admin/noticias/route.ts
22:27  Warning: 'req' is defined but never used.  @typescript-eslint/no-unused-vars

./src/app/api/admin/upload/route.ts
2:29  Warning: 'serverError' is defined but never used.  @typescript-eslint/no-unused-vars

./src/app/api/admin/users/route.ts
57:19  Warning: Unexpected any. Specify a different type.  @typescript-eslint/no-explicit-any

./src/app/api/admin/_shared/auth.ts
3:37  Warning: 'UserRole' is defined but never used.  @typescript-eslint/no-unused-vars

./src/app/auth/login/page.tsx
55:19  Warning: Unexpected any. Specify a different type.  @typescript-eslint/no-explicit-any

./src/app/components/common/agenda-admin.tsx
98:14  Warning: 'error' is defined but never used.  @typescript-eslint/no-unused-vars
117:14  Warning: 'error' is defined but never used.  @typescript-eslint/no-unused-vars

./src/app/components/common/animacion-editor.tsx
4:35  Warning: 'AlertCircle' is defined but never used.  @typescript-eslint/no-unused-vars

./src/app/components/common/hero-section.tsx
16:3  Warning: 'gradientClass' is defined but never used.  @typescript-eslint/no-unused-vars

./src/app/components/common/juegos-client-content.tsx
13:10  Warning: 'isAdmin' is assigned a value but never used.  @typescript-eslint/no-unused-vars

./src/app/components/common/novedades.tsx
37:15  Warning: Using `<img>` could result in slower LCP and higher bandwidth. Consider using `<Image />` from `next/image` or a custom image loader to automatically optimize images. This may incur additional usage or cost from your provider. See: https://nextjs.org/docs/messages/no-img-element  @next/next/no-img-element

./src/app/formacion/components/presentaciones-client.tsx
11:11  Warning: 'isAdmin' is assigned a value but never used.  @typescript-eslint/no-unused-vars

./src/app/formacion/page.tsx
32:6  Warning: 'UploadedDocument' is defined but never used.  @typescript-eslint/no-unused-vars
40:6  Warning: 'UploadedLink' is defined but never used.  @typescript-eslint/no-unused-vars
48:6  Warning: 'ResourcePageCard' is defined but never used.  @typescript-eslint/no-unused-vars

./src/app/logistica/page.tsx
46:9  Warning: Using `<img>` could result in slower LCP and higher bandwidth. Consider using `<Image />` from `next/image` or a custom image loader to automatically optimize images. This may incur additional usage or cost from your provider. See: https://nextjs.org/docs/messages/no-img-element  @next/next/no-img-element

./src/app/noticias/components/noticia-galeria-view.tsx
55:13  Warning: Using `<img>` could result in slower LCP and higher bandwidth. Consider using `<Image />` from `next/image` or a custom image loader to automatically optimize images. This may incur additional usage or cost from your provider. See: https://nextjs.org/docs/messages/no-img-element  @next/next/no-img-element

./src/app/noticias/components/noticia-galeria.tsx
32:6  Warning: React Hook useEffect has a missing dependency: 'cargarGaleria'. Either include it or remove the dependency array.  react-hooks/exhaustive-deps
217:17  Warning: Using `<img>` could result in slower LCP and higher bandwidth. Consider using `<Image />` from `next/image` or a custom image loader to automatically optimize images. This may incur additional usage or cost from your provider. See: https://nextjs.org/docs/messages/no-img-element  @next/next/no-img-element

./src/app/noticias/components/noticias-admin-buttons.tsx
27:53  Warning: Unexpected any. Specify a different type.  @typescript-eslint/no-explicit-any
28:18  Warning: Unexpected any. Specify a different type.  @typescript-eslint/no-explicit-any
35:55  Warning: Unexpected any. Specify a different type.  @typescript-eslint/no-explicit-any
36:26  Warning: Unexpected any. Specify a different type.  @typescript-eslint/no-explicit-any

./src/app/noticias/components/noticias-client.tsx
21:44  Warning: 'noticias' is assigned a value but never used.  @typescript-eslint/no-unused-vars
29:18  Warning: Unexpected any. Specify a different type.  @typescript-eslint/no-explicit-any

./src/app/noticias/components/noticias-editor.tsx
5:10  Warning: 'NoticiaGaleria' is defined but never used.  @typescript-eslint/no-unused-vars
128:14  Warning: 'e' is defined but never used.  @typescript-eslint/no-unused-vars
385:31  Warning: Using `<img>` could result in slower LCP and higher bandwidth. Consider using `<Image />` from `next/image` or a custom image loader to automatically optimize images. This may incur additional usage or cost from your provider. See: https://nextjs.org/docs/messages/no-img-element  @next/next/no-img-element

./src/app/noticias/[slug]/page.tsx
64:12  Warning: 'error' is defined but never used.  @typescript-eslint/no-unused-vars
92:11  Warning: Using `<img>` could result in slower LCP and higher bandwidth. Consider using `<Image />` from `next/image` or a custom image loader to automatically optimize images. This may incur additional usage or cost from your provider. See: https://nextjs.org/docs/messages/no-img-element  @next/next/no-img-element
129:25  Warning: Using `<img>` could result in slower LCP and higher bandwidth. Consider using `<Image />` from `next/image` or a custom image loader to automatically optimize images. This may incur additional usage or cost from your provider. See: https://nextjs.org/docs/messages/no-img-element  @next/next/no-img-element
148:19  Warning: Using `<img>` could result in slower LCP and higher bandwidth. Consider using `<Image />` from `next/image` or a custom image loader to automatically optimize images. This may incur additional usage or cost from your provider. See: https://nextjs.org/docs/messages/no-img-element  @next/next/no-img-element
183:17  Warning: Using `<img>` could result in slower LCP and higher bandwidth. Consider using `<Image />` from `next/image` or a custom image loader to automatically optimize images. This may incur additional usage or cost from your provider. See: https://nextjs.org/docs/messages/no-img-element  @next/next/no-img-element
198:17  Warning: Using `<img>` could result in slower LCP and higher bandwidth. Consider using `<Image />` from `next/image` or a custom image loader to automatically optimize images. This may incur additional usage or cost from your provider. See: https://nextjs.org/docs/messages/no-img-element  @next/next/no-img-element

./src/lib/google-calendar.ts
15:35  Warning: Unexpected any. Specify a different type.  @typescript-eslint/no-explicit-any

./src/lib/google-drive-service.ts
5:10  Warning: 'getGoogleDriveImageUrl' is defined but never used.  @typescript-eslint/no-unused-vars

./src/server/content/juegos.ts
24:34  Warning: Unexpected any. Specify a different type.  @typescript-eslint/no-explicit-any

./src/server/db/admin-repository.ts
364:17  Warning: Unexpected any. Specify a different type.  @typescript-eslint/no-explicit-any
478:17  Warning: Unexpected any. Specify a different type.  @typescript-eslint/no-explicit-any

./src/server/lib/api-utils.ts
3:37  Warning: 'UserRole' is defined but never used.  @typescript-eslint/no-unused-vars

info  - Need to disable some ESLint rules? Learn more here: https://nextjs.org/docs/app/api-reference/config/eslint#disabling-rules
   Collecting page data ...
   Generating static pages (0/52) ...
